// Jest Snapshot v1, https://goo.gl/fbAQLP

exports[`DrawThreat drawinfo_threat 1`] = `
<canvas
  data-snapshot-image="data:image/png;base64,iVBORw0KGgoAAAANSUhEUgAAAyAAAAH0CAYAAADFQEl4AAAABmJLR0QA/wD/AP+gvaeTAAAKUUlEQVR4nO3dz6tndR3H8edVGSaDtEEyEbN1iAjiRmbTxgKJXAuziRmSitCcAmGqCYkCr2Zpm9BVkItWJQVBi1b2BwSSzCIkCnNM/DHN5Nzxflqcc+/93q/33iFw8M7M4wFfvue8zudzfiwu3Defz+d8CwAAAAAAAAAAAAAAAAAAAAAAAAAAAAAAAAAAAAAAAAAAAAAAAAAAAAAAAAAAAAAAAAAAAAAAAAAAAAAAAAAAAAAAAAAAAAAAAAAAAAAAAAAAAAAAAAAAAAAAAAAAAAAAAAAAAAAAAAAAAAAAAAAAAAAAAAAAAAAAAAAAAAAAAAAAAAAAAAAAAAAAAAAAAAAAAAAAAAAAAAAAAAAAAAAAAAAAAAAAAAAAAAAAAAAAAAAAAAAAAAAAAAAAAAAAAAAAAAAAAAAAAAAAAAAAAAAAAAAAAAAAAAAAAAAAAAAAAAAAAAAAAAAAAAAAAAAAAAAAAAAAAAAAAAAAAAAAAAAAAAAAAAAAAAAAAAAAAAAAAAAAAAAAAAAAAAAAAAAAAAAAAAAAAAAAAAAAAAAAAAAAAAAAAAAAAAAAAAAAAAAAAAAAAAAAAAAAAAAAAAAAAAAAAAAAAAAAAAAAAAAAAAAAAAAAAAAAAAAAAAAAAAAAAAAAAAAAAAAAAAAAAAAAAAAAAAAAAAAAAAAAAAAAAAAAAAAAAAAAAAAAAAAAAAAAAAAAAAAAAAAAAAAAAAAAAAAAAAAAAAAAAAAAAAAAAAAAAAAAAAAAAAAAAAAAAAAAAAAAAAAAAAAAAAAAAAAAAAAAAAAAAAAAAAAAAAAAAAAAAAAAAAAAAAAAAAAAAAAAAAAAAAAAAAAAAAAAAAAAAAAAAAAAAAAAAAAAAAAAAAAAAAAAAAAAAAAAAAAAAAAAAAAAgMvGykd9AwAAVWO1o9XPqo9V57q2r6480i/HEx1rpWerA610ttH3Vo735G75R/oQwEVd81HfAADA7Oet92Rn+mT1m97vF1Wt9IPqt93Qpxv9ufr2njkAAMD/Y5zsprHaetV4sgtjtdurxmp3j9XO75UD+5sREABg//l4x1rpr1WNru1M/6rqQKeq6/bMgX1NAQIA7Cvjie6svlV9YSPqUAeqenPb/y675cA+5o8VANg3xk+6q3qxa/ryyqP9vaqVLjT6TFU39Nmap1rtlgP7mgIEANgXxlOdaL0/daD7Vx7tpYVD/+hCPxpPdaj1fli9eZEc2MfMlQQA9ofR9xtd11p/GatTtHK8ldb7aSutNvp3db7RN6p2zQEAAAAAAAAAAAAAALiExtEaZ2uM+fvInB+es4VPfTDbyDf7rM3bn6/x/tK1Hqjx7tzvTI3jl/75AACAfWS8V+PxGjfWeKHGuTl/rsYrF+n7qxq/X9h/rsapGj+ucX57cVJzgfN8jVtqnNwqVgAAgKvQuKnG+rx9qsYze7T9Yo23axxYyE7NRcjrNb70wQJks91tc7u3P7x7BwAALjPjsRovz9trNd6ap0u9U+P+pbav1fjOUrY2TcPa3N+hABm3TkXOGDWe/nDvHwAAuEyMO2ucnkYntuUHazw4rd3YzB6YplNta7ew/mMz22UEpGo8O03TAgAArjLjrhqv1rh3l+MHt6ZmVY2Xavxhqc28/mNbtlcBcvPexwEAgCvQODFPtbpjKT9f46G5+Dha442FY2dqPLLUfl7/sS1bXoT+3tRvXF9jdVorAgAAXEXG2i6v2z06vRFrrE/Fx7hnoc96jc/tcJ7DS9lyAXKkrVf+nt5+TgAAAAAAAAAAAAAAAPZwrHqvGtV/qkfn/IHq3Tk/Ux2f86PV2Tk/Wx1ZONfham3+Hkufqoercwt9v3YpHggAANi//ln9urq5+mP12pyfrZ6vbqlONhUWNRUrj1c3Vi80FRQbnqtOzd+v7HCtC9VXqgNNhc/aDm0AAIAr2IXq9nn77mr5xwFvayoo3t6h703Vwu+DbBYfp6pndmh/vq0C5MgO1wIAAK5wozo4b3+i7QXFrfP+qJ7eoe9j1csL+xvTr9aqt+Z+71T3z8e/2fZpWV//UJ4AAAC4bKw3FR41Tata36HNs31wtOLO6nTTCEltFR6LDlYPNq0lqWktyYn5eo+386gKAABwBTtfbfwK+l3Vf3doc3NbC8k32r1a3buQbUy9WnawraJmvbp+3v7U0jkBAICrwN+qF6tD1e+aFqXXtNj8kaaCYbV6fc5PNE2vumP7aTbXf9RU1DzUVHwcrd6Y8zebpl0dqr6bERAAALjqPNy0EH00FR3H5vxIW6/bPV3dM+dr7fyK3Y31HzUVHeeaRjzeWOh7X1PRMebv+y7FAwEAAAAAAAAAAAAAAAAAAAAAAAAAAAAAAAAAAAAAAAAAAAAAAAAAAAAAAAAAAAAAAAAAAAAAAAAAAAAAAAAAAAAAAAAAAAAAAAAAAAAAAAAAAAAAAAAAAAAAAAAAAAAAAAAAAAAAAAAAAAAAAAAAAAAAAAAAAAAAAAAAAAAAAAAAAAAAAAAAAAAAAAAAAAAAAAAAAAAAAAAAAAAAAAAAAAAAAAAAAAAAAAAAAAAAAAAAAAAAAAAAAAAAAAAAAAAAAAAAAAAAAAAAAAAAAAAAAAAAAAAAAAAAAAAAAAAAAAAAAAAAAAAAAAAAAAAAAAAAAAAAAAAAAAAAAAAAAAAAAAAAAAAAAAAAAAAAAAAAAAAAAAAAAAAAAAAAAAAAAAAAAAAAAAAAAAAAAAAAAAAAAAAAAAAAAAAAAAAAAAAAAAAAAAAAAAAAAAAAAAAAAAAAAAAAAAAAAAAAAAAAAAAAAAAAAAAAAAAAAAAAAAAAAAAAAAAAAAAAAAAAAAAAAAAAAAAAAAAAAAAAAAAAAAAAAAAAAAAAAAAAAAAAAAAAAAAAAAAAAAAAAAAAAAAAAAAAAAAAAAAAAAAAAAAAAAAAAAAAAAAAAAAAAAAAAAAAAAAAAAAAAAAAAAAAAAAAAAAAAAAAAAAAAAAAAAAAAAAAAAAAAAAAAAAAAAAAAAAAAAAAAAAAAAAAAAAAAAAAAAAAAAAAAAAAAAAAAAAAAAAAAAAAAAAAAAAAAAAAAAAAAAAAAAAAAAAAAAAAAAAAAAAAAAAAAAAAAAAAAAAAAAAAAAAAAAAAAAAAAAAAAAAAAAAAAAAAAAAAAAAAAAAAAAAAAAAAAAAAAAAAAAAAAAAAAAAAAAAAAAAAAAAAAAAAAAAAAAAAAAAAAAAAAAAAAAAAAAAAAAAAAAAAAAAAAAAAAAAAAAAAAAAAAAAAAAAAAAAAAAAAAAAAAAAAAAAAAAAAAAAAAAAAAAAAAAAAAAAAAAAAAAAAAAAAAAAAAAAAAAAAAAAAAAAAAAAAAAAAAAAAAAAAAAAAAAAAAAAAAAAAAAAAAAAAAAAAAAAAAAAAAAAAAAAAAAAAAAAAAAAAAAAAAAAAAAAAAAAAAAAAAAAAAAAAAAAAAAAAAAAAAAAAAAAAAAAAAAAAAAAAAAAAAAAAAAAAAAAAAAAAAAAAAAAAAAAAAAAAAAAAAAAAAAAAAAAAAFx2/gcY4sz2N+bjBAAAAABJRU5ErkJggg=="
  height="500"
  width="800"
/>
`;
