// Jest Snapshot v1, https://goo.gl/fbAQLP

exports[`Braaseye draws_correctly_braaFirst 1`] = `
<canvas
  data-snapshot-image="data:image/png;base64,iVBORw0KGgoAAAANSUhEUgAAAGQAAAAyCAYAAACqNX6+AAAABmJLR0QA/wD/AP+gvaeTAAAD20lEQVR4nO2ZsUtbbRSHf++X3ERj0i6KRChkSKX+F4Iuit0U2q2Y0YJDKDgUBF3V7KZDseBsBwfnOIlgi7vEIBIpcisiLm2fDjdqbL8E+/XTnOF9QHhz+Rly7nPve3JPHIA8Zvin0x/AcxsvxBheiDG8EGN4IcbwQozhhRjDCzGGF2IML8QYXogxTAkpl8tKJpNyzqmnp0fLy8uSpM3NTaXTaTnnNDAwoMPDw7Z5Sdre3lYQBNrY2FAmk5FzTul0WktLSx2p7c5giGw2y+TkJPV6nZGREfr7+wHIZDIUi0XCMGRhYYGhoaG2eYBCoUA+n6e7u5vp6WmOj4+Zn58nHo93pLa7YkpILBajWq0CsLu7SxAEAEiiXq8DcHJyQiwWa5sHyOfzFAqF69e1Wo1CocCjR48epJb/iikhkri8vATg7OwM5xwAqVSKxcVFwjBkamqKqxu7VR4gHo9TqVQAODo6wjmHJGZnZx+ypD/GlBDnHGdnZwCEYXh9gtfX1+nq6sI5x+jo6PXxVvlKpfKvW9PMzMytu8gipoQEQcD+/j4Ae3t7JJPJ3zJbW1t0dXW1zV/1j1+p1+sYa5u/YerT5XI5JiYmOD09ZXx8nGw2C0Qnfm5ujoODA8bGxhgeHm6bb+4fiUSClZUVLi4uKBaL9PX1daa4O2JKSKlUIhaLIYlEIsHq6ur18SAIcM4xODjI+fl523xz/1hbW6O7uxtJ9Pb2srOz05ni7ogD/5u6JUw9GHq8EHOYElIuS8mk5JzU0yNdTUI2N6V0Ojo+MCA1Jict85K0vS0FgfTunZRKRZlUSvrw4eHr+iM63cSayWZhchLqdRgZgatJSCYDxSKEISwsQGNy0jIPUChAPg+JBLx9G/3vixfQ+MZsFlNCYjFoTELY3YWrZzgpOukAJydRrl0eIhlNkxMAvnyBpod5k5jasr5/l/r7o/XTp9K3b9E6lYq2p69fpdevo1y7vCRVq9KrV7ffv1yWnj27zwr+Bzp9RTTjHDQmIYThzdW8vh5tNc7B6OjN8Vb5SgV+nZx8/gy9vVCr3X8df4OpOyQel2q1aF2tSolEtH75Urq8lH78kN68iRp5u/z791Iud/O+nz5Jz59LHz9KT57cfx1/RaeviGZyOZiYgNNTGB+PmjZEvWFuDg4OYGwMGpOTlvnm/rG4CI8fQ2PkZR5TQkqlqFFL0bejxiSEUimS4hwMDkJjctIyH49H29bVWrr9Zxk/OjGGqR7i8ULM4YUYwwsxhhdiDC/EGF6IMbwQY3ghxvBCjOGFGMMLMYYXYgwvxBheiDG8EGN4IcbwQozxEz9Ug5J6UgbtAAAAAElFTkSuQmCC"
  height="50"
  width="100"
/>
`;

exports[`Braaseye draws_correctly_noOffset 1`] = `
<canvas
  data-snapshot-image="data:image/png;base64,iVBORw0KGgoAAAANSUhEUgAAAGQAAAAyCAYAAACqNX6+AAAABmJLR0QA/wD/AP+gvaeTAAAD3UlEQVR4nO2Yv2taXxjGn/P1Xn+bLgZRKDhYaf6LgC6K3Qy0W8kdU8ggBYdCQNck7rFDSSFzOjhk1ikIackuRkJQitxKCC5tnw7nJtF8o0uJnlvOB4TD4fHi6+d6Xu8rSBIaZfhv2R9AM40rhdTrgM8HCAGEQsDentxvNIBwWO4nEsDFxfw8ALRagGkCHz8CwaDMBIPA58+LrwsAQBcSj5PFItnvk5kMGYvJ/UiELJVI2yYrFXJtbX6eJC2LTKVIr5f88EG+9/Vr0u9ffF0k6UohHg/Z7cp1u02aplwD8ksnycFA5ublSSnDsqav//07KcTTff55uPLI+vULiMXk+sUL4OdPuQ4G5fH04wfw7p3MzcsDQLcLvH07ff16HXj58ikrmMNy7oO/QwhyNJJr276/m4+O5FEjBJnN3u/PyjebpGFMX/vbNzIaJXu9p6/jMVz5CzEMoNeT624X8Hrl+s0bYDwGfv8G3r+XjXxe/tMnIJm8v+7Xr8CrV8CXL8Dz509fx6Ms5z74O5JJslAgh0Myn5dNm5S9oVwmOx0ylyPX1+fnJ/tHtUo+e0aeny++nklcKaRWk40akP+ODg7u901THknpNHl9PT9vGPLYul0D069lIEj9pK4Sruwh/zJaiGK4Uki9XofP54MQAqFQCHvOLKTRaCAcDkMIgUQigQtndjIrDwCtVgumaeL4+BiRSARCCITDYezu7i6lNlc29Xg8zmKxyH6/z0wmw5gzC4lEIiyVSrRtm5VKhWvO7GRWniQty2IqlWIgEODm5iavrq64s7ND4+EDyoJwpRCPx8OuMwtpt9s0nVkIAPad2clgMKDHmZ3MypNkKpWiNTE76fV6tCyLKysrC6nlIa4UAoDj8ZgkORqNKJxH72AwyGq1Stu2ubGxwdsDYFaeJA3DYNP573t5eUkhBAFwe3t7kSXd4UohQgiOnFmIbdt3X/DR0RH9fj+FEMxms3f7s/LNZvPRo2lra2vqV7RIXCnENE2eO4/UZ2dn9Pl8/8ucnJzQ78zQZ+Vv+8dD+v0+l9VeXSkkmUyyUChwOBwyn88z7sxCTNNkuVxmp9NhLpfjujM7mZWf7B9er5f7+/u8ublhqVTi6urqUmpzpZBarUaPx0MA9Hq9PHBmIbVajaZpUgjBdDrNa2d2Mis/2T8ODw8ZCAQIgNFolKenp0upTY9OFMOVD4b/MlqIYmghiqGFKIYWohhaiGJoIYqhhSiGFqIYWohiaCGKoYUohhaiGFqIYmghiqGFKIYWohhaiGJoIYqhhSiGFqIYWohiaCGKoYUohhaiGFqIYmghiqGFKMYfl86DknDU+1sAAAAASUVORK5CYII="
  height="50"
  width="100"
/>
`;

exports[`Braaseye draws_correctly_withOffset 1`] = `
<canvas
  data-snapshot-image="data:image/png;base64,iVBORw0KGgoAAAANSUhEUgAAAGQAAAAyCAYAAACqNX6+AAAABmJLR0QA/wD/AP+gvaeTAAAD40lEQVR4nO2Zv0sbbxzH3883d5ffdolIAoUMaaj/haBLJN0itFvxRgsOoZChICSrmt10KBac7eDgnEwSsMVdYhBJKOEaRLK0fXd4zpq03wRtq/kMzwuEh4e3x33yurtP7hNFkjCI4b9pn4BhFCNEGEaIMIwQYRghwjBChGGECMMIEYYRIgwjRBhGiDBECanVgGAQUAqIRoGtLb1/cADEYno/lQLOzibnAaDRAGwbePsWiER0JhIB3r9/+LruBAWRTJKFAtnpkIuL5Nyc3o/HyWKR9DyyXCbn5yfnSdJ1yUyGdBzyzRv9v8+fk6HQw9d1F0QJCQTIVkuvm03StvUa0B86SXa7OjcpT2oZrjt6/M+fSaXu7/z/BaIeWd++AXNzev3kCfD1q15HIvrx9OUL8OqVzk3KA0CrBbx8OXr8Wg14+vQ+K/gHTPuKGEYpst/Xa8+7uZr39vSjRilyaelmf1y+Xicta/TYnz6RiQTZbt9/HX+DqDvEsoB2W69bLcBx9PrFC2AwAL5/B16/1o18Uv7dOyCdvjnux4/As2fAhw/A48f3X8dfMe0rYph0msznyV6PXF7WTZvUvaFUIk9PyVyOXFiYnB/uH5UK+egReXLy8PX8CaKEVKu6UQP629HOzs2+betHUjZLXl5OzluWfmxdr4HRP8ko0vymLglRPcRghIhDlJBarYZgMAilFKLRKLb8WcjBwQFisRiUUkilUjjzZyfj8gDQaDRg2zb29/cRj8ehlEIsFsPm5uZUars1025iwySTSRYKBXY6HS4uLnLOn4XE43EWi0V6nsdyucx5f3YyLk+Srusyk8kwHA5zdXWVFxcX3NjYoPXrC4owRAkJBAJs+bOQZrNJ25+FAGDHn510u10G/NnJuDxJZjIZukOzk3a7Tdd1OTMz8yC1/CmihADgYDAgSfb7fSr/1TsSibBSqdDzPK6srPD6xh6XJ0nLslj3v/uen59TKUUAXF9ff8iS7owoIUop9v1ZiOd5Pz/gvb09hkIhKqW4tLT0c39cvl6v/++jaW1tbeQukogoIbZt88R/pT4+PmYwGPwtc3h4yJA/Qx+Xv+4fv9LpdCisbf6GqLNLp9PM5/Ps9XpcXl5m0p+F2LbNUqnE09NT5nI5Lvizk3H54f7hOA63t7d5dXXFYrHI2dnZ6RR3S0QJqVarDAQCBEDHcbjjz0Kq1Spt26ZSitlslpf+7GRcfrh/7O7uMhwOEwATiQSPjo6mU9wtMaMTYYh6MTQYIeIwQoRhhAjDCBGGESIMI0QYRogwjBBhGCHCMEKEYYQIwwgRhhEiDCNEGEaIMIwQYRghwvgBJkuDkiH63kQAAAAASUVORK5CYII="
  height="50"
  width="100"
/>
`;
