// Jest Snapshot v1, https://goo.gl/fbAQLP

exports[`drawingCanvas click_and_drag 1`] = `
<canvas
  data-snapshot-image="data:image/png;base64,iVBORw0KGgoAAAANSUhEUgAAAZAAAAGQCAYAAACAvzbMAAAABmJLR0QA/wD/AP+gvaeTAAAE6klEQVR4nO3csYscZRgH4J+QwkJCCCEWIpI+SMBODo2NjeQPiGCXtCKkECHBwiIW/glXKyjYiDYGzJG0toZwhYgQQtIE0cTsmnst5jtvmOzOHupN2ON5YNnZb973m5lmX+Z7ZzcBAAAAAAAAAAAAAAAAAAAAAAAAAAAAAAAAAAAAAAAAAAAAAAAAAAAAAAAAAAAAAAA4DOpiUo+TqqT+SOpSG38nqd/b+J2kXhmPT5LaSGqe1PGkbiW1k9Qsqfenvy4ADljdSeqrpF5M6lpSd9v4b0l9ltSxpK4k9dN4fJLUZlLbSd1Iaiupl9ocs+mvC4ADVn/17i5e2/uyr+qKRJLUyS5uLD5pxWMzqUdJvTvN+QPwjFQl9XzbPtotOyVteepyuwP5sosbi0/a8tVGW7q6kdSTVkzOT3c9AEykdrpCkLRisVtAzrcv/52kvu+NL4tv/Y+kFZmv2/4Pu14KAIdMzZI63bbPJPXngpi3u2IyFr/b//gn5uW2fWLv7gWAQ6R+Tuqb9uTUt12TPGlF4GpSp5L6LqkfVsS3/keS1I9Jfd4tddXHXUMegEOmPmiN8Ur3eO7F3visLVndTuqFFfGt/5F0Tfb6teU+TOrc9NcFAAAAAACQt5I8GYxdSPIwSbX39wb7P2n7+jaSzEdyV80JwBr5NMksTxeDx+mKxLEkXyR51Nt3vH0e5mwm2R7JHZsTgDVzL8m5PF0M+k4k6f3iPNeTXFuQs52uiIzlrhoHYM2MFZCPkrQ/U8yb6e4cji7ImadbxlqWu59xANbMsgLyapL7Sdovy3M3yZUFObv9j7HcVeMArKFFBeRMkl+SvD6IG76Svf7HWO7YOABralhALid5kOT0PnP6/Y9lufuZE4D/6LmJj1eDY86THBnEDM+pnzNP9zjwzSW5W0neWDDH1r8836Gz/9M8AGtv6gJykK5PcIyzExwDAAAAAAAAAAAAAAAAAAAAAAAAAAAAAAAAAAAAAAAAAAAAAAAAAAAAAAAAAAAAAAAAAAAAAAAAAAAAAAAAAAAAAAAAAAAAAAAAAAAAAAAAAAAAAAAAAAAAAAAAAAAAAAAAAAAAAAAAAAAAAAAAAAAAAAAAAAAAAAAAAAAAAAAAAAAAAAAAAAAAAAAAAAAAAAAAAAAAAAAAAAAAAAAAAAAAAAAAAAAAAAAAAAAAAAAAAAAAAAAAAAAAAAAAAAAAAAAAAAAAAAAAAAAAAAAAAAAAAAAAAAAAAAAAAAAAAAAAAAAAAAAAAAAAAAAAAAAAAAAAAAAAAAAAAAAAAAAAAAAAAAAAAAAAAAAAAAAAAAAAAAAAAAAAAAAAAAAAAAAAAAAAAAAAAAAAAAAAAAAAAAAAAAAAAAAAAAAAAAAAAAAAAAAAAAAAAAAAAAAAAAAAAAAAAAAAAAAAAAAAAAAAAAAAAAAAAAAAAAAAAAAAAAAAAAAAAAAAAAAAAAAAAAAAAAAAAAAAAAAAAAAAAAAAAAAAAAAAAAAAAAAAAAAAAAAAAAAAAAAAAAAAAAAAAAAAAAAAAAAAAAAAAAAAAAAAAAAAAAAAAAAAAAAAAAAAAAAAAAAAAAAAAAAAAAAAAAAAAAAAAAAAAAAAAAAAAAAAAAAAAAAAAAAAAAAAAAAAAAAAAAAAAAAAAAAAAAAAAAAAAAAAAAAAAAAAAAAAAAAAAAAOxt/fG1tcVqC13gAAAABJRU5ErkJggg=="
  height="400"
  id="mousecanvas"
  style="background-color: transparent; width: 400px; height: 400px; border: 1px solid #000000; grid-column: 2; grid-row: 1; position: absolute; left: 0px;"
  width="400"
/>
`;

exports[`drawingCanvas mousemove_multiple 1`] = `
<canvas
  data-snapshot-image="data:image/png;base64,iVBORw0KGgoAAAANSUhEUgAAAZAAAAGQCAYAAACAvzbMAAAABmJLR0QA/wD/AP+gvaeTAAADaUlEQVR4nO3ZP4rWUBTG4d8KRMTWHYhMLYK4AJdgN5sQnMrGRdi7iSlmFTZT2Yk2U80wDv4pvsiETJIvbeB5ICT33Ly3PSSnAAAAAAAAAAAAAAAAAAAAAAAAAAAAAAAAAAAAAAAAAAAAAAAAAAAAAAAAAAAAAAAAAAAAAAAAAAAAAAAAAAAAAAC496b6PamdVtfV3+H+brL/cdgbe1XdrWSPnQnAjnyqfvWwGdx2aBKPqy/VzWjvybCeZj5XlyvZtTMB2Jkf1dseNoOxp9Wf0fqiOp/JXHZoImvZY3UAdmatgbyvvg7Przt8OTyaydx1+I21lN1SB2BnlhrIi+pn9WxYf6/OZjL/5x9r2WN1AHZoroGcVN+ql5P3plfdzz/Wsmt1AHZq2kA+VFfV842Z8fxjKbvlTAB2Zm6eMfelsZQZzz+WslvOBAAAAAAAAAAAAAAAAAAAAAAAAAAAAAAAAAAAAAAAAAAAAAAAAAAAAAAAAAAAAAAAAAAAAAAAAAAAAAAAAAAAAAAAAAAAAAAAAAAAAAAAAAAAAAAAAAAAAAAAAAAAAAAAAAAAAAAAAAAAAAAAAAAAAAAAAAAAAAAAAAAAAAAAAAAAAAAAAAAAAAAAAAAAAAAAAAAAAAAAAAAAAAAAAAAAAAAAAAAAAAAAAAAAAAAAAAAAAAAAAAAAAAAAAAAAAAAAAAAAAAAAAAAAAAAAAAAAAAAAAAAAAAAAAAAAAAAAAAAAAAAAAAAAAAAAAAAAAAAAAAAAAAAAAAAAAAAAAAAAAAAAAAAAAAAAAAAAAAAAAAAAAAAAAAAAAAAAAAAAAAAAAAAAAAAAAAAAAAAAAAAAAAAAAAAAAAAAAAAAAAAAAAAAAAAAAAAAAAAAAAAAAAAAAAAAAAAAAAAAAAAAAAAAAAAAAAAAAAAAAAAAAAAAAAAAAAAAAAAAAAAAAAAAAAAAAAAAAAAAAAAAAAAAAAAAAAAAAAAAAAAAAAAAAAAAAAAAAAAAAAAAAAAAAAAAAAAAAAAAAAAAAAAAAAAAAAAAAAAAAAAAAAAAAAAAAAAAAAAAAAAAAAAAAAAAAAAAAAAAAAAAAAAAAAAAAAAAAAAAAAAAAAAAAAAAAAAAAAAAAAAAAAAAAAAAAAAAAAAAAAAAAAAAAAAAAAAAAAAAAAAAAGCTf0xjXiO47mRRAAAAAElFTkSuQmCC"
  height="400"
  id="mousecanvas"
  style="background-color: transparent; width: 400px; height: 400px; border: 1px solid #000000; grid-column: 2; grid-row: 1; position: absolute; left: 0px;"
  width="400"
/>
`;

exports[`drawingCanvas mousemove_singular 1`] = `
<canvas
  data-snapshot-image="data:image/png;base64,iVBORw0KGgoAAAANSUhEUgAAAZAAAAGQCAYAAACAvzbMAAAABmJLR0QA/wD/AP+gvaeTAAADuElEQVR4nO3Zv2oVQRTA4R8WEnwBEfEFLOzsBLETREgt2lnYCmptaSloGVsfQbS08R0kLyAq4j8UEzQWu5DrNXejV4Ub+T7YYs/Mnj3VHGamAAAAAAAAAAAAAAAAAAAAAAAAAAAAAAAAAAAAAAAAAAAAAAAAAAAAAAAAAAAAAAAAAAAAAAAAAAAAAAAAAAAAAAAOinPV17nYevWh2qk+VjfG+JkxNvs0M7Y9kXP+u50AOLDuVFv9vJh/qh5Ux6rb7TaGjer5glwb1eZEzlkPq0dLVQzASnhZXWzxYn+ioTG8G983q3sL5m6Oc/fLeX7Md3iJegFYMXst9serb+PY3TG2Xb0dY++rCzPztxuOsaZyVr2obv1JsQCsjqnjpvsNR1Kz1qpLDfck9eP9x1TO9YbjMQD+E1MN5OiC8bWGHUrt3n/sl/NZ9eS3qwNgpRyaGPtSXa+OVDerV2N8q7rW0DwuV2/G+Nnq6S/881T1eJliAVhN87uFKw1HTTsNzeP0GL9afW7Yebyeic/ff+yVs/G7k3+hXgAAAAAAAAAAAAAAAAAAAAAAAAAAAAAAAAAAAAAAAAAAAAAAAAAAAAAAAAAAAAAAAAAAAAAAAAAAAAAAAAAAAAAAAAAAAAAAAAAAAAAAAAAAAAAAAAAAAAAAAAAAAAAAAAAAAAAAAAAAAAAAAAAAAAAAAAAAAAAAAAAAAAAAAAAAAAAAAAAAAAAAAAAAAAAAAAAAAAAAAAAAAAAAAAAAAAAAAAAAAAAAAAAAAAAAAAAAAAAAAAAAAAAAAAAAAAAAAAAAAAAAAAAAAAAAAAAAAAAAAAAAAAAAAAAAAAAAAAAAAAAAAAAAAAAAAAAAAAAAAAAAAAAAAAAAAAAAAAAAAAAAAAAAAAAAAAAAAAAAAAAAAAAAAAAAAAAAAAAAAAAAAAAAAAAAAAAAAAAAAAAAAAAAAAAAAAAAAAAAAAAAAAAAAAAAAAAAAAAAAAAAAAAAAAAAAAAAAAAAAAAAAAAAAAAAAAAAAAAAAAAAAAAAAAAAAAAAAAAAAAAAAAAAAAAAAAAAAAAAAAAAAAAAAAAAAAAAAAAAAAAAAAAAAAAAAAAAAAAAAAAAAAAAAAAAAAAAAAAAAAAAAAAAAAAAAAAAAAAAAAAAAAAAAAAAAAAAAAAAAAAAAAAAAAAAAAAAAAAAAAAAAAAAAAAAAAAAAAAAAAAAAAAAAAAAAAAAAAAAAAAAAAAAAAAAAAAAAAAAAAAAAAAAAAAAAAAAAAAAAAAAAAD+ue8yWlPF0x5KPgAAAABJRU5ErkJggg=="
  height="400"
  id="mousecanvas"
  style="background-color: transparent; width: 400px; height: 400px; border: 1px solid #000000; grid-column: 2; grid-row: 1; position: absolute; left: 0px;"
  width="400"
/>
`;
