// Jest Snapshot v1, https://goo.gl/fbAQLP

exports[`draw_group_cap draws_capping_group 1`] = `
<canvas
  data-snapshot-image="data:image/png;base64,iVBORw0KGgoAAAANSUhEUgAAASwAAACWCAYAAABkW7XSAAAABmJLR0QA/wD/AP+gvaeTAAAC/ElEQVR4nO3dv2uVVxgH8O+VCMHopMlQ3DJIhqaGVIrQ/6IEd9dMxdg5Y2Ps2DlGC536j5QW6aJTQUsGxRRashQqPA45lNsq2jTn5o29n890uT++PNPDec977vMmAAAAAAAAAAAAAAAAAAAAAAAAAAAAAAAAAAAAAAAAAAAAAAAAAAAAAAAAAMcwGrqAXirZSPJrksdJfhwlfw5cEtDZmaELOKpKrlVyr5L7lSyNfbSQ5NMkXyfZr2S3kmvDVAlMtUoWKnlQyZNKblWyXsn39YamW8nFSjYqedoa28IQNQNTqJKPKvmlkq1Kzo29P/OO381Vst2a3PLkKwWmWiVXK3leyWfHyFir5JmmBUxMuwx8epxmNZa11lZa8z1qA/ibSr6pZKtj3nYlu73yAJIklXzSVkTn3v3tf50511Zsq70yAdLuCH7eOfNCJV9W8m3PXGCKVXK2kt8rudgha7GSvUr+qOSgrbA2O5QJkFRyvZIfOmXNVHK5ktkeecBw3nqOaUBLSX7qETRKXibZ65EFDOu0/jVnPsmLoYsAGFw73rAxdB3A0ZzWFdakXUqyP3QRwNG8Fw2rktm2cd5rz20lyaNOWcC0q2SzHUE4aEcS9ipZ7JA7X8lvHZsfcEJO8wrrSg4PeH4wSmZHyeVR8nOH3JtJvmt3DwGOr5KP2wprrmPm+TamZqVXJkCSpA3fu9Mx76tKdnrlAfxlbLzMWoesG8bLABNVyXIb4Pefm1ZrVs8q+bBnbQCvaU3rSTvw+dY9rfG7f22czN32W80KOBntOMJuu0S8XYeHP//5nTPtwRTrlXzRNtjvuQwEBlHJaiU7bfzMw/Z6e+zzpbZZv2NQH/y/vLcPUm2Xfqs5nOxwaZTcHbgkAAAAAAAAAAAAAAAAAAAAAAAAAAAAAAAAAAAAAAAAAAAAAAAAAAAAAAAAAAAAAAAAAAAAAAAAAAAAAAAAAAAAAAAAAAAAAAAAAAAAAAAAAAAAAAAAAAAAAAAAAAAAAAAAAAAAAACASXoFwb7VzJzIti8AAAAASUVORK5CYII="
/>
`;

exports[`draw_group_cap draws_singleship_cap 1`] = `
<canvas
  data-snapshot-image="data:image/png;base64,iVBORw0KGgoAAAANSUhEUgAAASwAAACWCAYAAABkW7XSAAAABmJLR0QA/wD/AP+gvaeTAAAEpUlEQVR4nO3cPajVdRzH8c+9OvSwOvhQ0SiJPWilFLo0GOoiSI22GBdEmsSh2Why0OgJAqcchIpIaJcQHzGKsCGiQkS4bU4WnoY/QUOBXs8953y6r9d44P/jO735/c/5/c7caDQaBaDA/LQHALhXggXUECyghmABNQQLqCFYQA3BAmoIFlBDsIAaggXUECyghmABNQQLqCFYQA3BAmoIFlBDsIAaggXUECyghmABNQQLqCFYQA3BAmoIFlBDsIAaggXUECyghmABNQQLqCFYQA3BAmoIFlBDsIAaggXUECyghmABNQQLqCFYQI3V0x7ggVy/nly8mCwuJn/+maxfnzz3XLJp07QnA5bB3Gg0Gk17iPty+3by8cfJiRPJ/Hzy0kvJ2rXJqlXJjRvJ+fPJ3bvJ4cPJwkLyyCPTnhgYk65gnTuXvPFG8sILydGjw27q31y7lrzzTnL5cvLpp8n27RMdE1gePcH67LPk0KHkk0+S3bvv7ZmvvkoOHkzefz/Zt2955wOWXUewvvkm2b8/+frr5Jln7u/Zb79Ndu1KzpxJduxYnvmAiZj9YN2+nWzenJw8mezdu7Q1zp5N3npriNejj453PmBiZv9Yw0cfJdu2LT1WSbJnT7J1a/Lhh+ObC5i42d9hPflk8sUXybPPPtg6ly4lr7+e/PRTMjc3ltGAyZrtHdYPPwzHFR40Vsnwy+LcXPLjjw++FjAVsx2sy5eHc1bjsn37cNAUqDTbwbp1K1m3bnzrrV2b/P77+NYDJmq2r+YcOTLe9VavTv74Y7xrAhMz2zuscfvll+SJJ6Y9BbBEKytYFy8mTz897SmAJVo5wbpyZfjF8amnpj0JsEQrJ1jHjg13EYFaHcG6c2e4T7hUX345XMtZWBjfTMDEdQTr4MFk587ku+/u/9lr15I330xOn04eemj8swET0xGsd99NRqPklVeGi8z36uzZ5NVXkw8+SF58cfnmAyZi9u8S/m3duuHU+5UryfPPJ2+//d9/4HfhQnL8eHL1anLqVPLyyxMdFVges31w9J/27Us+/zz5+efkvfeS114b7gZu2TKcrZqfT379dYjVqlXDa+CpU8nDD097cmBMenZYN28mGzYMhz8ff3z47Pvvh++1fvtteGV87LEhYBs3+kcG+B/qCVYyvBYeODB8pwWsOF3BWlxM1qyZ9hTAlHQFC1jROo41AESwgCKCBdQQLKCGYAE1BAuoIVhADcECaggWUEOwgBqCBdQQLKCGYAE1BAuoIVhADcECaggWUEOwgBqCBdQQLKCGYAE1BAuoIVhADcECaggWUEOwgBqCBdQQLKCGYAE1BAuoIVhADcECaggWUEOwgBqCBdQQLKCGYAE1BAuoIVhADcECaggWUEOwgBqCBdQQLKCGYAE1BAuoIVhADcECaggWUEOwgBqCBdQQLKCGYAE1BAuoIVhADcECaggWUEOwgBqCBdQQLKCGYAE1BAuoIVhADcECaggWUEOwgBqCBdQQLKCGYAE1BAuoIVhADcECaggWUEOwgBqCBdQQLKCGYAE1BAuoIVhADcECaggWUEOwgBqCBdQQLKCGYAE1BAuo8RePTsSh4r+O8AAAAABJRU5ErkJggg=="
/>
`;
