// Jest Snapshot v1, https://goo.gl/fbAQLP

exports[`VersionInfo has_version 1`] = `ReactWrapper {}`;
