// Jest Snapshot v1, https://goo.gl/fbAQLP

exports[`IssueSelector_Component renders_picprob_default_checked 1`] = `ReactWrapper {}`;
