// Jest Snapshot v1, https://goo.gl/fbAQLP

exports[`IssueSelector_Component renders_picprob_default_checked 1`] = `
Object {
  "asFragment": [Function],
  "baseElement": <body>
    <div>
      <div
        class="pscontainer"
      >
        <h2>
          <u>
            Problem:
          </u>
        </h2>
        <ul>
          <li>
            <input
              checked=""
              data-testid="iss-pic-selector"
              id="picprob"
              name="issue"
              style="color: grey;"
              type="radio"
              value="picprob"
            />
            <label
              for="picprob"
              id="piclbl"
              style="color: grey;"
            >
              The answer to this picture is incorrect
            </label>
            <div
              class="check-no-hover"
            />
          </li>
          <li>
            <input
              data-testid="iss-feature-selector"
              id="feature"
              name="issue"
              style="color: grey;"
              type="radio"
              value="feature"
            />
            <label
              for="feature"
              style="color: grey;"
            >
              Wouldn‘t it be nice if...
            </label>
            <div
              class="check-no-hover"
            />
          </li>
          <li>
            <input
              data-testid="iss-oth-selector"
              id="othprob"
              name="issue"
              type="radio"
              value="othprob"
            />
            <label
              for="othprob"
              style="color: grey;"
            >
              Something else
            </label>
            <div
              class="check-no-hover"
            />
          </li>
        </ul>
      </div>
    </div>
  </body>,
  "container": <div>
    <div
      class="pscontainer"
    >
      <h2>
        <u>
          Problem:
        </u>
      </h2>
      <ul>
        <li>
          <input
            checked=""
            data-testid="iss-pic-selector"
            id="picprob"
            name="issue"
            style="color: grey;"
            type="radio"
            value="picprob"
          />
          <label
            for="picprob"
            id="piclbl"
            style="color: grey;"
          >
            The answer to this picture is incorrect
          </label>
          <div
            class="check-no-hover"
          />
        </li>
        <li>
          <input
            data-testid="iss-feature-selector"
            id="feature"
            name="issue"
            style="color: grey;"
            type="radio"
            value="feature"
          />
          <label
            for="feature"
            style="color: grey;"
          >
            Wouldn‘t it be nice if...
          </label>
          <div
            class="check-no-hover"
          />
        </li>
        <li>
          <input
            data-testid="iss-oth-selector"
            id="othprob"
            name="issue"
            type="radio"
            value="othprob"
          />
          <label
            for="othprob"
            style="color: grey;"
          >
            Something else
          </label>
          <div
            class="check-no-hover"
          />
        </li>
      </ul>
    </div>
  </div>,
  "debug": [Function],
  "findAllByAltText": [Function],
  "findAllByDisplayValue": [Function],
  "findAllByLabelText": [Function],
  "findAllByPlaceholderText": [Function],
  "findAllByRole": [Function],
  "findAllByTestId": [Function],
  "findAllByText": [Function],
  "findAllByTitle": [Function],
  "findByAltText": [Function],
  "findByDisplayValue": [Function],
  "findByLabelText": [Function],
  "findByPlaceholderText": [Function],
  "findByRole": [Function],
  "findByTestId": [Function],
  "findByText": [Function],
  "findByTitle": [Function],
  "getAllByAltText": [Function],
  "getAllByDisplayValue": [Function],
  "getAllByLabelText": [Function],
  "getAllByPlaceholderText": [Function],
  "getAllByRole": [Function],
  "getAllByTestId": [Function],
  "getAllByText": [Function],
  "getAllByTitle": [Function],
  "getByAltText": [Function],
  "getByDisplayValue": [Function],
  "getByLabelText": [Function],
  "getByPlaceholderText": [Function],
  "getByRole": [Function],
  "getByTestId": [Function],
  "getByText": [Function],
  "getByTitle": [Function],
  "queryAllByAltText": [Function],
  "queryAllByDisplayValue": [Function],
  "queryAllByLabelText": [Function],
  "queryAllByPlaceholderText": [Function],
  "queryAllByRole": [Function],
  "queryAllByTestId": [Function],
  "queryAllByText": [Function],
  "queryAllByTitle": [Function],
  "queryByAltText": [Function],
  "queryByDisplayValue": [Function],
  "queryByLabelText": [Function],
  "queryByPlaceholderText": [Function],
  "queryByRole": [Function],
  "queryByTestId": [Function],
  "queryByText": [Function],
  "queryByTitle": [Function],
  "rerender": [Function],
  "unmount": [Function],
}
`;
